--------------------------------------
11/07/2026 10:39:06.24 
Repo   : web-trac-nghiem 
Branch : main 
Commit : Cập nhật 2026-07-11 10:39 
Trạng thái : THÀNH CÔNG 
--------------------------------------
--------------------------------------
11/07/2026 15:05:10.73 
Repo   : web-trac-nghiem 
Branch : main 
Commit : Cập nhật 2026-07-11 15:05 
Trạng thái : THÀNH CÔNG 
--------------------------------------
--------------------------------------
14/07/2026 23:42:47.45 
Repo   : web-trac-nghiem 
Branch : main 
Commit : Cập nhật 2026-07-14 23:42 
Trạng thái : THÀNH CÔNG 
--------------------------------------
